Starting project at /Users/raghavganesh/Documents/Code Projects/Language Learning Project/language_learning_app/frontend
Starting Metro Bundler
The following packages should be updated for best compatibility with the installed expo version:
  @expo/metro-runtime@6.1.2 - expected version: ~3.1.3
  expo-av@16.0.8 - expected version: ~13.10.6
  expo-linear-gradient@12.6.0 - expected version: ~12.7.2
  react-native@0.73.2 - expected version: 0.73.6
Your project may not work correctly until you install the correct versions of the packages.
Waiting on http://localhost:8081
Logs for your project will appear below.
Web Bundled 2301ms (node_modules/expo/AppEntry.js)
Starting project at /Users/raghavganesh/Documents/Code Projects/Language Learning Project/language_learning_app/frontend
Starting Metro Bundler
The following packages should be updated for best compatibility with the installed expo version:
  @expo/metro-runtime@6.1.2 - expected version: ~3.1.3
  expo-av@16.0.8 - expected version: ~13.10.6
  expo-linear-gradient@12.6.0 - expected version: ~12.7.2
  react-native@0.73.2 - expected version: 0.73.6
Your project may not work correctly until you install the correct versions of the packages.
Waiting on http://localhost:8081
Logs for your project will appear below.
Web Bundled 257ms (node_modules/expo/AppEntry.js)
Starting project at /Users/raghavganesh/Documents/Code Projects/Language Learning Project/language_learning_app/frontend
Starting Metro Bundler
The following packages should be updated for best compatibility with the installed expo version:
  @expo/metro-runtime@6.1.2 - expected version: ~3.1.3
  expo-av@16.0.8 - expected version: ~13.10.6
  expo-linear-gradient@12.6.0 - expected version: ~12.7.2
  react-native@0.73.2 - expected version: 0.73.6
Your project may not work correctly until you install the correct versions of the packages.
Waiting on http://localhost:8081
Logs for your project will appear below.
Web Bundled 290ms (node_modules/expo/AppEntry.js)
Starting project at /Users/raghavganesh/Documents/Code Projects/Language Learning Project/language_learning_app/frontend
› Port 8081 is running this app in another window
  /Users/raghavganesh/Documents/Code Projects/Language Learning Project/language_learning_app/frontend (pid 24197)
Input is required, but 'npx expo' is in non-interactive mode.
Required input:
> Use port 8082 instead?
› Skipping dev server
Starting project at /Users/raghavganesh/Documents/Code Projects/Language Learning Project/language_learning_app/frontend
Starting Metro Bundler
The following packages should be updated for best compatibility with the installed expo version:
  @expo/metro-runtime@6.1.2 - expected version: ~3.1.3
  expo-av@16.0.8 - expected version: ~13.10.6
  expo-linear-gradient@12.6.0 - expected version: ~12.7.2
  react-native@0.73.2 - expected version: 0.73.6
Your project may not work correctly until you install the correct versions of the packages.
Waiting on http://localhost:8081
Logs for your project will appear below.
Web Bundled 272ms (node_modules/expo/AppEntry.js)
Web Bundled 28ms (node_modules/expo/AppEntry.js)
Web Bundled 1217ms (node_modules/expo/AppEntry.js)
Web Bundled 706ms (node_modules/expo/AppEntry.js)
Web Bundled 37ms (node_modules/expo/AppEntry.js)
Web Bundled 34ms (node_modules/expo/AppEntry.js)
Web Bundled 29ms (node_modules/expo/AppEntry.js)
Web Bundled 821ms (node_modules/expo/AppEntry.js)
Web Bundled 33ms (node_modules/expo/AppEntry.js)
Web Bundled 28ms (node_modules/expo/AppEntry.js)
Web Bundled 32ms (node_modules/expo/AppEntry.js)
Web Bundled 30ms (node_modules/expo/AppEntry.js)
Web Bundled 33ms (node_modules/expo/AppEntry.js)
Web Bundled 34ms (node_modules/expo/AppEntry.js)
Web Bundled 40ms (node_modules/expo/AppEntry.js)
Web Bundled 31ms (node_modules/expo/AppEntry.js)
Web Bundled 28ms (node_modules/expo/AppEntry.js)
Web Bundled 1045ms (node_modules/expo/AppEntry.js)
Web Bundled 31ms (node_modules/expo/AppEntry.js)
Web Bundled 35ms (node_modules/expo/AppEntry.js)
Web Bundled 34ms (node_modules/expo/AppEntry.js)
Web Bundled 29ms (node_modules/expo/AppEntry.js)
Web Bundled 747ms (node_modules/expo/AppEntry.js)
Web Bundled 24ms (node_modules/expo/AppEntry.js)
Web Bundled 32ms (node_modules/expo/AppEntry.js)
Web Bundled 36ms (node_modules/expo/AppEntry.js)
Web Bundled 33ms (node_modules/expo/AppEntry.js)
Web Bundled 861ms (node_modules/expo/AppEntry.js)
Web Bundled 27ms (node_modules/expo/AppEntry.js)
Web Bundled 33ms (node_modules/expo/AppEntry.js)
Web Bundled 19ms (node_modules/expo/AppEntry.js)
Web Bundled 39ms (node_modules/expo/AppEntry.js)
Web Bundled 394ms (node_modules/expo/AppEntry.js)
Web Bundled 30ms (node_modules/expo/AppEntry.js)
Web Bundled 29ms (node_modules/expo/AppEntry.js)
Web Bundled 34ms (node_modules/expo/AppEntry.js)
Web Bundled 403ms (node_modules/expo/AppEntry.js)
Web Bundled 19ms (node_modules/expo/AppEntry.js)
Web Bundled 33ms (node_modules/expo/AppEntry.js)
Web Bundled 30ms (node_modules/expo/AppEntry.js)
Web Bundled 789ms (node_modules/expo/AppEntry.js)
Web Bundled 27ms (node_modules/expo/AppEntry.js)
Web Bundled 38ms (node_modules/expo/AppEntry.js)
Web Bundled 40ms (node_modules/expo/AppEntry.js)
Web Bundled 814ms (node_modules/expo/AppEntry.js)
Starting project at /Users/raghavganesh/Documents/Code Projects/Language Learning Project/language_learning_app/frontend
Starting Metro Bundler
The following packages should be updated for best compatibility with the installed expo version:
  @expo/metro-runtime@6.1.2 - expected version: ~3.1.3
  expo-av@16.0.8 - expected version: ~13.10.6
  expo-linear-gradient@12.6.0 - expected version: ~12.7.2
  react-native@0.73.2 - expected version: 0.73.6
Your project may not work correctly until you install the correct versions of the packages.
Waiting on http://localhost:8081
Logs for your project will appear below.
Web Bundled 2357ms (node_modules/expo/AppEntry.js)
Web Bundled 32ms (node_modules/expo/AppEntry.js)
Web Bundled 721ms (node_modules/expo/AppEntry.js)
Web Bundled 32ms (node_modules/expo/AppEntry.js)
Web Bundled 33ms (node_modules/expo/AppEntry.js)
Web Bundled 35ms (node_modules/expo/AppEntry.js)
Web Bundled 224ms (node_modules/expo/AppEntry.js)
Web Bundled 29ms (node_modules/expo/AppEntry.js)
Starting project at /Users/raghavganesh/Documents/Code Projects/Language Learning Project/language_learning_app/frontend
Starting Metro Bundler
The following packages should be updated for best compatibility with the installed expo version:
  @expo/metro-runtime@6.1.2 - expected version: ~3.1.3
  expo-av@16.0.8 - expected version: ~13.10.6
  expo-linear-gradient@12.6.0 - expected version: ~12.7.2
  react-native@0.73.2 - expected version: 0.73.6
Your project may not work correctly until you install the correct versions of the packages.
Waiting on http://localhost:8081
Logs for your project will appear below.
Web Bundled 833ms (node_modules/expo/AppEntry.js)
Starting project at /Users/raghavganesh/Documents/Code Projects/Language Learning Project/language_learning_app/frontend
Starting Metro Bundler
The following packages should be updated for best compatibility with the installed expo version:
  @expo/metro-runtime@6.1.2 - expected version: ~3.1.3
  expo-av@16.0.8 - expected version: ~13.10.6
  expo-linear-gradient@12.6.0 - expected version: ~12.7.2
  react-native@0.73.2 - expected version: 0.73.6
Your project may not work correctly until you install the correct versions of the packages.
Waiting on http://localhost:8081
Logs for your project will appear below.
Web Bundled 917ms (node_modules/expo/AppEntry.js)
Web Bundled 932ms (node_modules/expo/AppEntry.js)
Web Bundled 29ms (node_modules/expo/AppEntry.js)
Web Bundled 30ms (node_modules/expo/AppEntry.js)
Web Bundled 40ms (node_modules/expo/AppEntry.js)
Web Bundled 756ms (node_modules/expo/AppEntry.js)
Web Bundled 43ms (node_modules/expo/AppEntry.js)
Web Bundled 23ms (node_modules/expo/AppEntry.js)
Web Bundled 1624ms (node_modules/expo/AppEntry.js)
Web Bundled 36ms (node_modules/expo/AppEntry.js)
Web Bundled 104ms (node_modules/expo/AppEntry.js)
Web Bundled 31ms (node_modules/expo/AppEntry.js)
Web Bundled 120ms (node_modules/expo/AppEntry.js)
Web Bundled 38ms (node_modules/expo/AppEntry.js)
Starting project at /Users/raghavganesh/Documents/Code Projects/Language Learning Project/language_learning_app/frontend
Starting Metro Bundler
The following packages should be updated for best compatibility with the installed expo version:
  @expo/metro-runtime@6.1.2 - expected version: ~3.1.3
  expo-av@16.0.8 - expected version: ~13.10.6
  expo-linear-gradient@12.6.0 - expected version: ~12.7.2
  react-native@0.73.2 - expected version: 0.73.6
Your project may not work correctly until you install the correct versions of the packages.
Waiting on http://localhost:8081
Logs for your project will appear below.
Web Bundled 4973ms (node_modules/expo/AppEntry.js)
Web Bundled 32ms (node_modules/expo/AppEntry.js)
Web Bundled 953ms (node_modules/expo/AppEntry.js)
Web Bundled 232ms (node_modules/expo/AppEntry.js)
Web Bundled 930ms (node_modules/expo/AppEntry.js)
Web Bundled 209ms (node_modules/expo/AppEntry.js)
Web Bundled 27ms (node_modules/expo/AppEntry.js)
Starting project at /Users/raghavganesh/Documents/Code Projects/Language Learning Project/language_learning_app/frontend
› Port 8081 is running this app in another window
  /Users/raghavganesh/Documents/Code Projects/Language Learning Project/language_learning_app/frontend (pid 4420)
Input is required, but 'npx expo' is in non-interactive mode.
Required input:
> Use port 8082 instead?
› Skipping dev server
Web Bundled 30ms (node_modules/expo/AppEntry.js)
Web Bundled 35ms (node_modules/expo/AppEntry.js)
Web Bundled 29ms (node_modules/expo/AppEntry.js)
Web Bundled 32ms (node_modules/expo/AppEntry.js)
Web Bundled 39ms (node_modules/expo/AppEntry.js)
Web Bundled 28ms (node_modules/expo/AppEntry.js)
Web Bundled 28ms (node_modules/expo/AppEntry.js)
Web Bundled 38ms (node_modules/expo/AppEntry.js)
Web Bundled 236ms (node_modules/expo/AppEntry.js)
Web Bundled 262ms (node_modules/expo/AppEntry.js)
Web Bundled 34ms (node_modules/expo/AppEntry.js)
Web Bundled 304ms (node_modules/expo/AppEntry.js)
Web Bundled 36ms (node_modules/expo/AppEntry.js)
Web Bundled 368ms (node_modules/expo/AppEntry.js)
Web Bundled 304ms (node_modules/expo/AppEntry.js)
Web Bundled 360ms (node_modules/expo/AppEntry.js)
Web Bundled 86ms (node_modules/expo/AppEntry.js)
Web Bundled 647ms (node_modules/expo/AppEntry.js)
Web Bundled 42ms (node_modules/expo/AppEntry.js)
Web Bundled 739ms (node_modules/expo/AppEntry.js)
Web Bundled 40ms (node_modules/expo/AppEntry.js)
Web Bundled 806ms (node_modules/expo/AppEntry.js)
Web Bundled 885ms (node_modules/expo/AppEntry.js)
Web Bundled 38ms (node_modules/expo/AppEntry.js)
Web Bundled 34ms (node_modules/expo/AppEntry.js)
Web Bundled 31ms (node_modules/expo/AppEntry.js)
Web Bundled 34ms (node_modules/expo/AppEntry.js)
Web Bundled 30ms (node_modules/expo/AppEntry.js)
Web Bundled 41ms (node_modules/expo/AppEntry.js)
Web Bundled 34ms (node_modules/expo/AppEntry.js)
Web Bundled 75ms (node_modules/expo/AppEntry.js)
Web Bundled 30ms (node_modules/expo/AppEntry.js)
Web Bundled 30ms (node_modules/expo/AppEntry.js)
Web Bundled 47ms (node_modules/expo/AppEntry.js)
Web Bundled 54ms (node_modules/expo/AppEntry.js)
Web Bundled 680ms (node_modules/expo/AppEntry.js)
Web Bundled 27ms (node_modules/expo/AppEntry.js)
Web Bundled 28ms (node_modules/expo/AppEntry.js)
Web Bundled 21ms (node_modules/expo/AppEntry.js)
Web Bundled 61ms (node_modules/expo/AppEntry.js)
Web Bundled 31ms (node_modules/expo/AppEntry.js)
Web Bundled 591ms (node_modules/expo/AppEntry.js)
Web Bundled 586ms (node_modules/expo/AppEntry.js)
Web Bundled 555ms (node_modules/expo/AppEntry.js)
Web Bundled 30ms (node_modules/expo/AppEntry.js)
Web Bundled 26ms (node_modules/expo/AppEntry.js)
Web Bundled 259ms (node_modules/expo/AppEntry.js)
Web Bundled 636ms (node_modules/expo/AppEntry.js)
Web Bundled 91ms (node_modules/expo/AppEntry.js)
Web Bundled 1177ms (node_modules/expo/AppEntry.js)
Web Bundled 995ms (node_modules/expo/AppEntry.js)
Web Bundled 30ms (node_modules/expo/AppEntry.js)
Web Bundled 567ms (node_modules/expo/AppEntry.js)
Web Bundled 597ms (node_modules/expo/AppEntry.js)
Web Bundled 303ms (node_modules/expo/AppEntry.js)
Web Bundled 35ms (node_modules/expo/AppEntry.js)
Web Bundled 1221ms (node_modules/expo/AppEntry.js)
Web Bundled 322ms (node_modules/expo/AppEntry.js)
Web Bundled 29ms (node_modules/expo/AppEntry.js)
Web Bundled 592ms (node_modules/expo/AppEntry.js)
Web Bundled 32ms (node_modules/expo/AppEntry.js)
Web Bundled 375ms (node_modules/expo/AppEntry.js)
Web Bundling failed 476ms (node_modules/expo/AppEntry.js)
Unable to resolve "../../../components/SafeText" from "screens/activities/TransliterationActivity.js"
Web Bundling failed 207ms (node_modules/expo/AppEntry.js)
Unable to resolve "../../../components/SafeText" from "screens/activities/TransliterationActivity.js"
Web Bundling failed 22ms (node_modules/expo/AppEntry.js)
Unable to resolve "../../../components/SafeText" from "screens/activities/TransliterationActivity.js"
Web Bundling failed 18ms (node_modules/expo/AppEntry.js)
Unable to resolve "../../../components/SafeText" from "screens/activities/TransliterationActivity.js"
Web Bundling failed 19ms (node_modules/expo/AppEntry.js)
Unable to resolve "../../../components/SafeText" from "screens/activities/TransliterationActivity.js"
Web Bundling failed 17ms (node_modules/expo/AppEntry.js)
Unable to resolve "../../../components/SafeText" from "screens/activities/TransliterationActivity.js"
Web Bundling failed 26ms (node_modules/expo/AppEntry.js)
Unable to resolve "../../../components/SafeText" from "screens/activities/TransliterationActivity.js"
Web Bundling failed 17ms (node_modules/expo/AppEntry.js)
Unable to resolve "../../../components/SafeText" from "screens/activities/TransliterationActivity.js"
Web Bundling failed 85ms (node_modules/expo/AppEntry.js)
Unable to resolve "../../../components/TranslationToolModal" from "screens/activities/TransliterationActivity.js"
Web Bundling failed 16ms (node_modules/expo/AppEntry.js)
Unable to resolve "../../../components/TranslationToolModal" from "screens/activities/TransliterationActivity.js"
Web Bundling failed 15ms (node_modules/expo/AppEntry.js)
Unable to resolve "../../../components/TranslationToolModal" from "screens/activities/TransliterationActivity.js"
Web Bundling failed 17ms (node_modules/expo/AppEntry.js)
Unable to resolve "../../../components/TranslationToolModal" from "screens/activities/TransliterationActivity.js"
Web Bundling failed 10ms (node_modules/expo/AppEntry.js)
Unable to resolve "../../../components/TranslationToolModal" from "screens/activities/TransliterationActivity.js"
Web Bundling failed 14ms (node_modules/expo/AppEntry.js)
Unable to resolve "../../../components/TranslationToolModal" from "screens/activities/TransliterationActivity.js"
Web Bundling failed 19ms (node_modules/expo/AppEntry.js)
Unable to resolve "../../../components/TranslationToolModal" from "screens/activities/TransliterationActivity.js"
Web Bundling failed 81ms (node_modules/expo/AppEntry.js)
Unable to resolve "../../../constants/ui_labels" from "screens/activities/TransliterationActivity.js"
Web Bundling failed 11ms (node_modules/expo/AppEntry.js)
Unable to resolve "../../../constants/ui_labels" from "screens/activities/TransliterationActivity.js"
Web Bundling failed 10ms (node_modules/expo/AppEntry.js)
Unable to resolve "../../../constants/ui_labels" from "screens/activities/TransliterationActivity.js"
Web Bundling failed 10ms (node_modules/expo/AppEntry.js)
Unable to resolve "../../../constants/ui_labels" from "screens/activities/TransliterationActivity.js"
Web Bundling failed 15ms (node_modules/expo/AppEntry.js)
Unable to resolve "../../../constants/ui_labels" from "screens/activities/TransliterationActivity.js"
Web Bundled 119ms (node_modules/expo/AppEntry.js)
Web Bundled 45ms (node_modules/expo/AppEntry.js)
Web Bundled 53ms (node_modules/expo/AppEntry.js)
Starting project at /Users/raghavganesh/Documents/Code Projects/Language Learning Project/language_learning_app/frontend
› Port 8081 is running this app in another window
  /Users/raghavganesh/Documents/Code Projects/Language Learning Project/language_learning_app/frontend (pid 4420)
Input is required, but 'npx expo' is in non-interactive mode.
Required input:
> Use port 8082 instead?
› Skipping dev server
Web Bundled 34ms (node_modules/expo/AppEntry.js)
Web Bundled 28ms (node_modules/expo/AppEntry.js)
Web Bundled 31ms (node_modules/expo/AppEntry.js)
Starting project at /Users/raghavganesh/Documents/Code Projects/Language Learning Project/language_learning_app/frontend
› Port 8081 is running this app in another window
  /Users/raghavganesh/Documents/Code Projects/Language Learning Project/language_learning_app/frontend (pid 4420)
Input is required, but 'npx expo' is in non-interactive mode.
Required input:
> Use port 8082 instead?
› Skipping dev server
Web Bundled 1417ms (node_modules/expo/AppEntry.js)
Web Bundled 772ms (node_modules/expo/AppEntry.js)
Web Bundled 126ms (node_modules/expo/AppEntry.js)
Web Bundled 228ms (node_modules/expo/AppEntry.js)
Web Bundled 28ms (node_modules/expo/AppEntry.js)
Web Bundled 32ms (node_modules/expo/AppEntry.js)
Web Bundled 1181ms (node_modules/expo/AppEntry.js)
Web Bundled 707ms (node_modules/expo/AppEntry.js)
Web Bundled 35ms (node_modules/expo/AppEntry.js)
Web Bundled 74ms (node_modules/expo/AppEntry.js)
Web Bundled 27ms (node_modules/expo/AppEntry.js)
Web Bundled 30ms (node_modules/expo/AppEntry.js)
Web Bundled 32ms (node_modules/expo/AppEntry.js)
Web Bundled 558ms (node_modules/expo/AppEntry.js)
Web Bundled 33ms (node_modules/expo/AppEntry.js)
Web Bundled 35ms (node_modules/expo/AppEntry.js)
Web Bundled 353ms (node_modules/expo/AppEntry.js)
Web Bundled 1232ms (node_modules/expo/AppEntry.js)
Web Bundled 32ms (node_modules/expo/AppEntry.js)
Web Bundled 35ms (node_modules/expo/AppEntry.js)
Web Bundled 34ms (node_modules/expo/AppEntry.js)
Web Bundled 25ms (node_modules/expo/AppEntry.js)
Web Bundled 33ms (node_modules/expo/AppEntry.js)
Web Bundled 27ms (node_modules/expo/AppEntry.js)
Web Bundled 32ms (node_modules/expo/AppEntry.js)
Web Bundled 28ms (node_modules/expo/AppEntry.js)
Web Bundled 34ms (node_modules/expo/AppEntry.js)
Web Bundled 1120ms (node_modules/expo/AppEntry.js)
Web Bundled 34ms (node_modules/expo/AppEntry.js)
Web Bundled 1303ms (node_modules/expo/AppEntry.js)
Web Bundled 324ms (node_modules/expo/AppEntry.js)
Web Bundled 1097ms (node_modules/expo/AppEntry.js)
Web Bundled 33ms (node_modules/expo/AppEntry.js)
Web Bundled 51ms (node_modules/expo/AppEntry.js)
Web Bundled 33ms (node_modules/expo/AppEntry.js)
Web Bundled 1186ms (node_modules/expo/AppEntry.js)
Web Bundled 36ms (node_modules/expo/AppEntry.js)
Starting project at /Users/raghavganesh/Documents/Code Projects/Language Learning Project/language_learning_app/frontend
› Port 8081 is running this app in another window
  /Users/raghavganesh/Documents/Code Projects/Language Learning Project/language_learning_app/frontend (pid 4420)
Input is required, but 'npx expo' is in non-interactive mode.
Required input:
> Use port 8082 instead?
› Skipping dev server
Web Bundled 33ms (node_modules/expo/AppEntry.js)
Starting project at /Users/raghavganesh/Documents/Code Projects/Language Learning Project/language_learning_app/frontend
› Port 8081 is running this app in another window
  /Users/raghavganesh/Documents/Code Projects/Language Learning Project/language_learning_app/frontend (pid 4420)
Input is required, but 'npx expo' is in non-interactive mode.
Required input:
> Use port 8082 instead?
› Skipping dev server
Starting project at /Users/raghavganesh/Documents/Code Projects/Language Learning Project/language_learning_app/frontend
› Port 8081 is running this app in another window
  /Users/raghavganesh/Documents/Code Projects/Language Learning Project/language_learning_app/frontend (pid 4420)
Input is required, but 'npx expo' is in non-interactive mode.
Required input:
> Use port 8082 instead?
› Skipping dev server
Web Bundled 42ms (node_modules/expo/AppEntry.js)
Web Bundled 44ms (node_modules/expo/AppEntry.js)
Web Bundled 69ms (node_modules/expo/AppEntry.js)
Web Bundled 39ms (node_modules/expo/AppEntry.js)
Web Bundled 42ms (node_modules/expo/AppEntry.js)
Web Bundled 46ms (node_modules/expo/AppEntry.js)
Web Bundled 383ms (node_modules/expo/AppEntry.js)
Web Bundled 39ms (node_modules/expo/AppEntry.js)
Web Bundled 39ms (node_modules/expo/AppEntry.js)
Web Bundled 452ms (node_modules/expo/AppEntry.js)
Web Bundled 375ms (node_modules/expo/AppEntry.js)
Web Bundled 32ms (node_modules/expo/AppEntry.js)
Web Bundled 1328ms (node_modules/expo/AppEntry.js)
Web Bundled 571ms (node_modules/expo/AppEntry.js)
Web Bundled 23ms (node_modules/expo/AppEntry.js)
Web Bundled 34ms (node_modules/expo/AppEntry.js)
Web Bundled 426ms (node_modules/expo/AppEntry.js)
Web Bundled 37ms (node_modules/expo/AppEntry.js)
Web Bundled 35ms (node_modules/expo/AppEntry.js)
Web Bundled 30ms (node_modules/expo/AppEntry.js)
Web Bundled 392ms (node_modules/expo/AppEntry.js)
Web Bundled 33ms (node_modules/expo/AppEntry.js)
Web Bundled 29ms (node_modules/expo/AppEntry.js)
Web Bundled 40ms (node_modules/expo/AppEntry.js)
Web Bundled 657ms (node_modules/expo/AppEntry.js)
Web Bundled 42ms (node_modules/expo/AppEntry.js)
Web Bundled 36ms (node_modules/expo/AppEntry.js)
Web Bundled 688ms (node_modules/expo/AppEntry.js)
Web Bundled 37ms (node_modules/expo/AppEntry.js)
Web Bundled 668ms (node_modules/expo/AppEntry.js)
Web Bundled 114ms (node_modules/expo/AppEntry.js)
Web Bundled 34ms (node_modules/expo/AppEntry.js)
Web Bundled 121ms (node_modules/expo/AppEntry.js)
Web Bundled 33ms (node_modules/expo/AppEntry.js)
Web Bundled 101ms (node_modules/expo/AppEntry.js)
Web Bundled 37ms (node_modules/expo/AppEntry.js)
Web Bundled 30ms (node_modules/expo/AppEntry.js)
Web Bundled 1096ms (node_modules/expo/AppEntry.js)
Web Bundled 29ms (node_modules/expo/AppEntry.js)
Web Bundled 117ms (node_modules/expo/AppEntry.js)
Web Bundled 31ms (node_modules/expo/AppEntry.js)
Web Bundled 31ms (node_modules/expo/AppEntry.js)
Web Bundled 205ms (node_modules/expo/AppEntry.js)
Web Bundled 247ms (node_modules/expo/AppEntry.js)
Web Bundled 41ms (node_modules/expo/AppEntry.js)
Web Bundled 45ms (node_modules/expo/AppEntry.js)
Web Bundled 30ms (node_modules/expo/AppEntry.js)
Web Bundled 34ms (node_modules/expo/AppEntry.js)
Web Bundled 699ms (node_modules/expo/AppEntry.js)
Web Bundled 684ms (node_modules/expo/AppEntry.js)
Web Bundled 729ms (node_modules/expo/AppEntry.js)
Web Bundled 34ms (node_modules/expo/AppEntry.js)
Web Bundled 33ms (node_modules/expo/AppEntry.js)
Web Bundled 37ms (node_modules/expo/AppEntry.js)
Web Bundled 29ms (node_modules/expo/AppEntry.js)
Web Bundled 42ms (node_modules/expo/AppEntry.js)
Web Bundled 39ms (node_modules/expo/AppEntry.js)
Web Bundled 45ms (node_modules/expo/AppEntry.js)
Web Bundled 442ms (node_modules/expo/AppEntry.js)
Web Bundled 35ms (node_modules/expo/AppEntry.js)
Web Bundled 387ms (node_modules/expo/AppEntry.js)
Web Bundled 391ms (node_modules/expo/AppEntry.js)
Web Bundled 47ms (node_modules/expo/AppEntry.js)
Web Bundled 799ms (node_modules/expo/AppEntry.js)
Web Bundled 798ms (node_modules/expo/AppEntry.js)
Web Bundled 36ms (node_modules/expo/AppEntry.js)
Web Bundled 37ms (node_modules/expo/AppEntry.js)
Web Bundled 435ms (node_modules/expo/AppEntry.js)
Web Bundled 501ms (node_modules/expo/AppEntry.js)
Web Bundled 38ms (node_modules/expo/AppEntry.js)
Web Bundled 50ms (node_modules/expo/AppEntry.js)
Web Bundled 25ms (node_modules/expo/AppEntry.js)
Web Bundled 908ms (node_modules/expo/AppEntry.js)
Web Bundled 265ms (node_modules/expo/AppEntry.js)
Web Bundled 470ms (node_modules/expo/AppEntry.js)
Web Bundled 1050ms (node_modules/expo/AppEntry.js)
Web Bundled 747ms (node_modules/expo/AppEntry.js)
Web Bundled 42ms (node_modules/expo/AppEntry.js)
Web Bundled 273ms (node_modules/expo/AppEntry.js)
Web Bundled 233ms (node_modules/expo/AppEntry.js)
Web Bundled 1891ms (node_modules/expo/AppEntry.js)
Web Bundled 464ms (node_modules/expo/AppEntry.js)
Web Bundled 499ms (node_modules/expo/AppEntry.js)
Web Bundled 47ms (node_modules/expo/AppEntry.js)
Web Bundled 637ms (node_modules/expo/AppEntry.js)
Web Bundled 506ms (node_modules/expo/AppEntry.js)
Web Bundled 27ms (node_modules/expo/AppEntry.js)
Web Bundled 42ms (node_modules/expo/AppEntry.js)
Web Bundled 679ms (node_modules/expo/AppEntry.js)
Web Bundled 631ms (node_modules/expo/AppEntry.js)
Web Bundled 42ms (node_modules/expo/AppEntry.js)
Web Bundled 146ms (node_modules/expo/AppEntry.js)
Web Bundled 49ms (node_modules/expo/AppEntry.js)
Web Bundled 47ms (node_modules/expo/AppEntry.js)
Web Bundled 23ms (node_modules/expo/AppEntry.js)
Web Bundled 39ms (node_modules/expo/AppEntry.js)
Web Bundled 141ms (node_modules/expo/AppEntry.js)
Web Bundled 47ms (node_modules/expo/AppEntry.js)
Web Bundled 43ms (node_modules/expo/AppEntry.js)
Web Bundled 42ms (node_modules/expo/AppEntry.js)
Web Bundled 127ms (node_modules/expo/AppEntry.js)
Web Bundled 632ms (node_modules/expo/AppEntry.js)
Web Bundled 1306ms (node_modules/expo/AppEntry.js)
Web Bundled 539ms (node_modules/expo/AppEntry.js)
Web Bundling failed 438ms (node_modules/expo/AppEntry.js)
Unable to resolve "expo-clipboard" from "components/TutorChatButton.js"
Web Bundling failed 20ms (node_modules/expo/AppEntry.js)
Unable to resolve "expo-clipboard" from "components/TutorChatButton.js"
Web Bundled 135ms (node_modules/expo/AppEntry.js)
Web Bundled 44ms (node_modules/expo/AppEntry.js)
Web Bundled 655ms (node_modules/expo/AppEntry.js)
Web Bundled 68ms (node_modules/expo/AppEntry.js)
Web Bundled 587ms (node_modules/expo/AppEntry.js)
Web Bundled 737ms (node_modules/expo/AppEntry.js)
Web Bundled 45ms (node_modules/expo/AppEntry.js)
Web Bundled 777ms (node_modules/expo/AppEntry.js)
Web Bundling failed 1024ms (node_modules/expo/AppEntry.js)
error: SyntaxError: /Users/raghavganesh/Documents/Code Projects/Language Learning Project/language_learning_app/frontend/components/TranslationToolModal.js: Expected corresponding JSX closing tag for <View>. (1413:20)

  1411 |                       </Text>
  1412 |                         </View>
> 1413 |                     </TouchableOpacity>
       |                     ^
  1414 |                   );
  1415 |                 }}
  1416 |               />
transform[stderr]: Missing transform.routerRoot option in Metro bundling request, falling back to `app` as routes directory.
transform[stderr]: Missing transform.routerRoot option in Metro bundling request, falling back to `app` as routes directory.
transform[stderr]: Missing transform.routerRoot option in Metro bundling request, falling back to `app` as routes directory.
transform[stderr]: Missing transform.routerRoot option in Metro bundling request, falling back to `app` as routes directory.
transform[stderr]: Missing transform.routerRoot option in Metro bundling request, falling back to `app` as routes directory.
transform[stderr]: Missing transform.routerRoot option in Metro bundling request, falling back to `app` as routes directory.
transform[stderr]: Missing transform.routerRoot option in Metro bundling request, falling back to `app` as routes directory.
transform[stderr]: Missing transform.routerRoot option in Metro bundling request, falling back to `app` as routes directory.
transform[stderr]: Missing transform.routerRoot option in Metro bundling request, falling back to `app` as routes directory.
Web Bundling failed 2643ms (node_modules/expo/AppEntry.js)
error: SyntaxError: /Users/raghavganesh/Documents/Code Projects/Language Learning Project/language_learning_app/frontend/components/TranslationToolModal.js: Expected corresponding JSX closing tag for <View>. (1413:20)

  1411 |                       </Text>
  1412 |                         </View>
> 1413 |                     </TouchableOpacity>
       |                     ^
  1414 |                   );
  1415 |                 }}
  1416 |               />
Web Bundled 676ms (node_modules/expo/AppEntry.js)
Web Bundled 830ms (node_modules/expo/AppEntry.js)
Web Bundled 47ms (node_modules/expo/AppEntry.js)
Web Bundled 39ms (node_modules/expo/AppEntry.js)
Web Bundled 45ms (node_modules/expo/AppEntry.js)
Web Bundled 194ms (node_modules/expo/AppEntry.js)
Web Bundled 45ms (node_modules/expo/AppEntry.js)
Web Bundled 287ms (node_modules/expo/AppEntry.js)
Web Bundled 380ms (node_modules/expo/AppEntry.js)
Web Bundled 399ms (node_modules/expo/AppEntry.js)
Web Bundled 508ms (node_modules/expo/AppEntry.js)
Web Bundling failed 1139ms (node_modules/expo/AppEntry.js)
Unable to resolve "../../components/SafeText" from "screens/activities/old/TransliterationActivity.js"
Web Bundled 416ms (node_modules/expo/AppEntry.js)
Web Bundled 236ms (node_modules/expo/AppEntry.js)
Web Bundled 522ms (node_modules/expo/AppEntry.js)
Web Bundled 45ms (node_modules/expo/AppEntry.js)
Web Bundled 54ms (node_modules/expo/AppEntry.js)
Web Bundled 156ms (node_modules/expo/AppEntry.js)
Web Bundled 139ms (node_modules/expo/AppEntry.js)
Web Bundled 49ms (node_modules/expo/AppEntry.js)
Web Bundled 93ms (node_modules/expo/AppEntry.js)
Web Bundled 146ms (node_modules/expo/AppEntry.js)
Web Bundled 41ms (node_modules/expo/AppEntry.js)
Web Bundled 66ms (node_modules/expo/AppEntry.js)
Web Bundled 47ms (node_modules/expo/AppEntry.js)
Web Bundled 59ms (node_modules/expo/AppEntry.js)
Web Bundled 42ms (node_modules/expo/AppEntry.js)
Web Bundled 43ms (node_modules/expo/AppEntry.js)
Web Bundled 122ms (node_modules/expo/AppEntry.js)
Web Bundled 121ms (node_modules/expo/AppEntry.js)
Web Bundled 135ms (node_modules/expo/AppEntry.js)
Web Bundled 130ms (node_modules/expo/AppEntry.js)
Web Bundled 211ms (node_modules/expo/AppEntry.js)
Web Bundled 46ms (node_modules/expo/AppEntry.js)
Web Bundled 460ms (node_modules/expo/AppEntry.js)
Web Bundled 246ms (node_modules/expo/AppEntry.js)
Web Bundled 40ms (node_modules/expo/AppEntry.js)
Web Bundled 53ms (node_modules/expo/AppEntry.js)
Web Bundled 206ms (node_modules/expo/AppEntry.js)
Web Bundled 226ms (node_modules/expo/AppEntry.js)
Web Bundled 79ms (node_modules/expo/AppEntry.js)
Web Bundled 173ms (node_modules/expo/AppEntry.js)
Web Bundled 60ms (node_modules/expo/AppEntry.js)
Web Bundled 56ms (node_modules/expo/AppEntry.js)
Web Bundled 230ms (node_modules/expo/AppEntry.js)
Web Bundled 221ms (node_modules/expo/AppEntry.js)
Web Bundled 221ms (node_modules/expo/AppEntry.js)
Web Bundled 67ms (node_modules/expo/AppEntry.js)
Web Bundled 52ms (node_modules/expo/AppEntry.js)
Starting project at /Users/raghavganesh/Documents/Code Projects/Language Learning Project/language_learning_app/frontend
› Port 8081 is running this app in another window
  /Users/raghavganesh/Documents/Code Projects/Language Learning Project/language_learning_app/frontend (pid 4420)
Input is required, but 'npx expo' is in non-interactive mode.
Required input:
> Use port 8083 instead?
› Skipping dev server
Web Bundled 70ms (node_modules/expo/AppEntry.js)
Web Bundled 282ms (node_modules/expo/AppEntry.js)
Web Bundled 277ms (node_modules/expo/AppEntry.js)
Web Bundled 65ms (node_modules/expo/AppEntry.js)
Web Bundled 282ms (node_modules/expo/AppEntry.js)
Web Bundled 259ms (node_modules/expo/AppEntry.js)
Web Bundled 255ms (node_modules/expo/AppEntry.js)
Web Bundled 101ms (node_modules/expo/AppEntry.js)
Web Bundled 38ms (node_modules/expo/AppEntry.js)
Web Bundled 186ms (node_modules/expo/AppEntry.js)
Web Bundled 48ms (node_modules/expo/AppEntry.js)
Web Bundled 225ms (node_modules/expo/AppEntry.js)
Web Bundled 248ms (node_modules/expo/AppEntry.js)
Web Bundled 153ms (node_modules/expo/AppEntry.js)
